C51 COMPILER V9.60.0.0   MAIN                                                              08/10/2020 07:18:30 PAGE 1   


C51 COMPILER V9.60.0.0, COMPILATION OF MODULE MAIN
OBJECT MODULE PLACED IN .\Objects\main.obj
COMPILER INVOKED BY: D:\keilc51\C51\BIN\C51.EXE main.c OPTIMIZE(8,SPEED) BROWSE DEBUG OBJECTEXTEND PRINT(.\Listings\main
                    -.lst) OBJECT(.\Objects\main.obj)

line level    source

   1          #include <reg52.h>
   2          #include <intrins.h>
   3          #include <stdio.h>
   4          #define uchar unsigned char
   5          #define uint unsigned int
   6          sbit mode=P2^0;                 //mode=0为按键和WiFi控制  mode=1为传感器控制
   7          sbit S1=P1^7;
   8          sbit S2=P1^3;
   9          sbit light=P2^1;
  10          sbit key1=P3^2;    //按键3
  11          sbit key2=P3^3;          //按键4                
  12          
  13          sbit DIN=P3^4;
  14          sbit CS=P3^5;
  15          sbit DCLK=P3^6;
  16          sbit DOUT=P3^7;
  17          
  18          sbit EN=P2^7;
  19          sbit RS=P2^6;
  20          sbit lcdWR=P2^5;
  21          
  22          uchar code table1[]="loading...";
  23          uchar code table2[]="OK";
  24          uchar code table3[]="status";
  25          uchar code table4[]="Light";
  26          uchar code table5[]="low ";
  27          uchar code table6[]="high";
  28          uchar code table7[]="on ";
  29          uchar code table8[]="off";
  30          void lcdWriteCom(uchar dat);
  31          void lcdString(uchar *str,uint length);
  32          /*延时ms函数*/
  33          void delayms(uint z)
  34          {
  35   1              uint i,j;
  36   1              for(i=z;i>0;i--)
  37   1                      for(j=110;j>0;j--);
  38   1      }
  39          /*灯的开关*/
  40          void switchLight(uchar i)
  41          {
  42   1              if(i==1)
  43   1                      light=0;
  44   1              if(i==2)
  45   1                      light=1;
  46   1      }
  47          /*按键控制小灯开关*/
  48          void keyControl(void)
  49          {
  50   1              if(key1==0)
  51   1              {
  52   2                      delayms(10);
  53   2                      if(key1==0)
  54   2                      {
C51 COMPILER V9.60.0.0   MAIN                                                              08/10/2020 07:18:30 PAGE 2   

  55   3                              switchLight(1);
  56   3                      }
  57   2                      while(!key1);
  58   2              }
  59   1              if(key2==0)
  60   1              {
  61   2                      delayms(10);
  62   2                      if(key2==0)
  63   2                      {
  64   3                              switchLight(2);
  65   3                      }
  66   2                      while(!key2);
  67   2              }
  68   1      }
  69          /*光敏传感器控制灯开关*/
  70          
  71          //AD写入操作
  72          void adWrite(uchar dat)
  73          {
  74   1              uint i;
  75   1              CS=0;
  76   1              DCLK=0;
  77   1              for(i=0;i<8;i++)
  78   1              {
  79   2                      DIN=dat>>7;
  80   2                      dat<<=1;
  81   2                      DCLK=0;
  82   2                      
  83   2                      DCLK=1;
  84   2              }
  85   1      }
  86          //AD读取数据操作
  87          uint adRead()
  88          {
  89   1              uint i,dat=0;
  90   1              CS=0;
  91   1              DCLK=0;
  92   1              for(i=0;i<12;i++)
  93   1              {
  94   2                      
  95   2                      dat<<=1;
  96   2                      DCLK=1;
  97   2                      DCLK=0;
  98   2                      dat|=DOUT;
  99   2                      
 100   2              }
 101   1              return dat;
 102   1      }
 103          //命令转换操作
 104          uint adReadData()               //光敏电阻为 0xa4
 105          {
 106   1              uint i,AD_value;
 107   1              DCLK=0;
 108   1              CS=0;
 109   1              adWrite(0xa4);
 110   1              for(i=6;i>0;i--);
 111   1              DCLK=1;
 112   1              _nop_();
 113   1              _nop_();
 114   1              DCLK=0;
 115   1              _nop_();
 116   1              _nop_();
C51 COMPILER V9.60.0.0   MAIN                                                              08/10/2020 07:18:30 PAGE 3   

 117   1              AD_value=adRead();
 118   1              CS=1;
 119   1              return AD_value;
 120   1      }
 121          //封装开关
 122          void adSwitch()
 123          {
 124   1              if(adReadData()<150)
 125   1              {
 126   2                      switchLight(1);
 127   2                      delayms(10);
 128   2              }
 129   1              else
 130   1              {
 131   2                      switchLight(2);
 132   2                      delayms(10);
 133   2              }
 134   1      }
 135          
 136          /*WIFI控制小灯的亮灭*/
 137          //初始化
 138          void wifiInit()
 139          {
 140   1              TMOD=0x20;              //波特率9600
 141   1              TL1=0xfd;
 142   1              TH1=0xfd;
 143   1              TR1=1;
 144   1              SM0=0;
 145   1              SM1=1;
 146   1              REN=1;
 147   1              EA=1;
 148   1              ES=1;
 149   1      }
 150          //设置WiFi打开端口号
 151          void wifiConfig()
 152          {
 153   1              //液晶显示正在设置
 154   1              lcdWriteCom(0x80+0x02);
 155   1              lcdString(table1,10);
 156   1              ES=0;
 157   1              TI=1;
 158   1              delayms(3000);
 159   1      
 160   1              printf("AT+CIPMUX=1\r\n");
 161   1              delayms(2000);
 162   1              printf("AT+CIPSERVER=1,8080\r\n");
 163   1              delayms(2000);
 164   1              while(!TI);
 165   1              TI=0;
 166   1              ES=1;
 167   1              //液晶显示设置成功
 168   1              lcdWriteCom(0x01);
 169   1              lcdWriteCom(0x80);
 170   1              lcdString(table2,2);
 171   1      }
 172          //封装开关
 173          /*void wifiSwitch()
 174          {
 175                  uchar a;
 176                  a=SBUF;
 177                  if(a=='1')
 178                          switchLight(1);
C51 COMPILER V9.60.0.0   MAIN                                                              08/10/2020 07:18:30 PAGE 4   

 179                  if(a=='2')
 180                          switchLight(2);
 181          }*/
 182          /*液晶实时状态回显*/
 183          //液晶写命令
 184          void lcdWriteCom(uchar dat)
 185          {
 186   1              RS=0;
 187   1              lcdWR=0;
 188   1              P0=dat;
 189   1              delayms(5);
 190   1              EN=1;
 191   1              delayms(5);
 192   1              EN=0;
 193   1      }
 194          //液晶写数据
 195          void lcdWriteData(uchar dat)
 196          {
 197   1              RS=1;
 198   1              lcdWR=0;
 199   1              P0=dat;
 200   1              delayms(5);
 201   1              EN=1;
 202   1              delayms(5);
 203   1              EN=0;
 204   1      }
 205          //初始化液晶
 206          void lcdInit()
 207          {
 208   1              lcdWriteCom(0x38);
 209   1              lcdWriteCom(0x0c);
 210   1              lcdWriteCom(0x06);
 211   1              lcdWriteCom(0x01);
 212   1      }
 213          //字符串显示函数
 214          void lcdString(uchar *str,uint length)
 215          {
 216   1              uint i;
 217   1              for(i=0;i<length;i++)
 218   1              {
 219   2                      lcdWriteData(str[i]);
 220   2              }
 221   1      }
 222          //光强显示
 223          void lcdLight()
 224          {
 225   1              lcdWriteCom(0x80+0x40);
 226   1              lcdString(table4,5);
 227   1              lcdWriteCom(0x80+0x46);
 228   1              if(adReadData()<200)
 229   1                      lcdString(table5,4);
 230   1              else
 231   1                      lcdString(table6,4);
 232   1      }
 233          //液晶显示灯的状态变化
 234          void lcdStatus()
 235          {
 236   1              lcdWriteCom(0x80);
 237   1              if(light==0)
 238   1                      lcdString(table7,3);
 239   1              if(light==1)
 240   1                      lcdString(table8,3);
C51 COMPILER V9.60.0.0   MAIN                                                              08/10/2020 07:18:30 PAGE 5   

 241   1      }
 242          /*模式设置*/
 243          void modeConfig()
 244          {
 245   1              if(S1==0)
 246   1              {
 247   2                      delayms(10);
 248   2                      if(S1==0)
 249   2                      {
 250   3                              mode=~mode;
 251   3                      }
 252   2                      while(!S1);
 253   2              }
 254   1              if(mode==1)
 255   1              {
 256   2                      adSwitch();
 257   2              }
 258   1      }
 259          /*主函数*/
 260          void main()
 261          {
 262   1              wifiInit();
 263   1              lcdInit();
 264   1              wifiConfig();
 265   1              mode=0;
 266   1              S1=1;
 267   1              S2=0;
 268   1              while(1)
 269   1              {
 270   2                      lcdStatus();
 271   2                      lcdLight();
 272   2                      keyControl();
 273   2              //      wifiSwitch();
 274   2                      modeConfig();
 275   2              }
 276   1      }
 277          void wifi() interrupt 4
 278          {
 279   1              uchar a;
 280   1              a=SBUF;
 281   1              if(a=='1')
 282   1                      switchLight(1);
 283   1              if(a=='2')
 284   1                      switchLight(2);
 285   1              RI=0;
 286   1      }


MODULE INFORMATION:   STATIC OVERLAYABLE
   CODE SIZE        =    644    ----
   CONSTANT SIZE    =     81    ----
   XDATA SIZE       =   ----    ----
   PDATA SIZE       =   ----    ----
   DATA SIZE        =   ----       7
   IDATA SIZE       =   ----    ----
   BIT SIZE         =   ----    ----
END OF MODULE INFORMATION.


C51 COMPILATION COMPLETE.  0 WARNING(S),  0 ERROR(S)
